fsl_clock.h:627:20:CLOCK_EnableClock	24	static
fsl_clock.h:638:20:CLOCK_DisableClock	24	static
fsl_clock.h:659:20:CLOCK_SetEr32kClock	16	static
fsl_clock.h:679:20:CLOCK_SetPllFllSelClock	16	static
fsl_clock.h:1128:20:OSC_SetExtRefClkConfig	24	static
fsl_clock.h:1156:20:OSC_SetCapLoad	24	static
fsl_clock.c:190:13:CLOCK_FllStableDelay	16	static
fsl_clock.c:210:17:CLOCK_GetMcgExtClkFreq	16	static
fsl_clock.c:237:17:CLOCK_GetFllExtRefClkFreq	16	static
fsl_clock.c:291:17:CLOCK_GetInternalRefClkSelectFreq	4	static
fsl_clock.c:305:17:CLOCK_GetFllRefClkFreq	8	static
fsl_clock.c:319:17:CLOCK_GetPll0RefFreq	8	static
fsl_clock.c:325:16:CLOCK_GetOscRangeFromFreq	24	static
fsl_clock.c:350:10:CLOCK_GetOsc0ErClkUndivFreq	8	static
fsl_clock.c:369:10:CLOCK_GetOsc0ErClkDivFreq	8	static
fsl_clock.c:388:10:CLOCK_GetEr32kClkFreq	16	static
fsl_clock.c:417:10:CLOCK_GetPllFllSelClkFreq	16	static
fsl_clock.c:445:10:CLOCK_GetOsc0ErClkFreq	8	static
fsl_clock.c:455:10:CLOCK_GetPlatClkFreq	8	static
fsl_clock.c:465:10:CLOCK_GetFlashClkFreq	8	static
fsl_clock.c:475:10:CLOCK_GetFlexBusClkFreq	8	static
fsl_clock.c:485:10:CLOCK_GetBusClkFreq	8	static
fsl_clock.c:495:10:CLOCK_GetCoreSysClkFreq	8	static
fsl_clock.c:510:10:CLOCK_GetFreq	24	static
fsl_clock.c:574:6:CLOCK_SetSimConfig	16	static
fsl_clock.c:588:6:CLOCK_EnableUsbfs0Clock	24	static
fsl_clock.c:640:10:CLOCK_GetOutClkFreq	16	static
fsl_clock.c:675:10:CLOCK_GetFllFreq	16	static
fsl_clock.c:709:10:CLOCK_GetInternalRefClkFreq	8	static
fsl_clock.c:728:10:CLOCK_GetFixedFreqClkFreq	16	static
fsl_clock.c:751:10:CLOCK_GetPll0Freq	16	static
fsl_clock.c:787:10:CLOCK_SetExternalRefClkConfig	24	static
fsl_clock.c:840:10:CLOCK_SetInternalRefClkConfig	24	static
fsl_clock.c:905:10:CLOCK_CalcPllDiv	48	static
fsl_clock.c:1013:6:CLOCK_EnablePll0	24	static
fsl_clock.c:1040:6:CLOCK_SetOsc0MonitorMode	16	static
fsl_clock.c:1070:6:CLOCK_SetRtcOscMonitorMode	24	static
fsl_clock.c:1094:6:CLOCK_SetPll0MonitorMode	24	static
fsl_clock.c:1150:10:CLOCK_GetStatusFlags	16	static
fsl_clock.c:1194:6:CLOCK_ClearStatusFlags	24	static
fsl_clock.c:1220:6:CLOCK_InitOsc0	24	static
fsl_clock.c:1243:6:CLOCK_DeinitOsc0	4	static
fsl_clock.c:1267:10:CLOCK_TrimInternalRefClk	40	static
fsl_clock.c:1350:12:CLOCK_GetMode	32	static
fsl_clock.c:1468:10:CLOCK_SetFeiMode	24	static
fsl_clock.c:1544:10:CLOCK_SetFeeMode	24	static
fsl_clock.c:1639:10:CLOCK_SetFbiMode	24	static
fsl_clock.c:1719:10:CLOCK_SetFbeMode	24	static
fsl_clock.c:1812:10:CLOCK_SetBlpiMode	4	static
fsl_clock.c:1836:10:CLOCK_SetBlpeMode	4	static
fsl_clock.c:1870:10:CLOCK_SetPbeMode	16	static
fsl_clock.c:1923:10:CLOCK_SetPeeMode	4	static
fsl_clock.c:1960:10:CLOCK_ExternalModeToFbeModeQuick	4	static
fsl_clock.c:2002:10:CLOCK_InternalModeToFbiModeQuick	4	static
fsl_clock.c:2037:10:CLOCK_BootToFeiMode	16	static
fsl_clock.c:2057:10:CLOCK_BootToFeeMode	24	static
fsl_clock.c:2078:10:CLOCK_BootToBlpiMode	16	static
fsl_clock.c:2106:10:CLOCK_BootToBlpeMode	16	static
fsl_clock.c:2151:10:CLOCK_BootToPeeMode	16	static
fsl_clock.c:2211:10:CLOCK_SetMcgConfig	32	static
fsl_clock.c:2317:28:SDK_DelayAtLeastUs	56	static
